(module
  (type $type0 (func (param i64)))
  (type $type1 (func (param i32 i32) (result i32)))
  (type $type2 (func (param i32 i64 i64) (result i32)))
  (type $type3 (func (param i32 i32 i64) (result i32)))
  (memory (;0;) (shared 1 1))
  (export "init" (func $func0))
  (export "atomic.notify" (func $func1))
  (export "i64.atomic.wait" (func $func2))
  (export "i32.atomic.wait" (func $func3))
  (func $func0 (param $var0 i64)
    i32.const 0
    get_local $var0
    i64.store
  )
  (func $func1 (param $var0 i32) (param $var1 i32) (result i32)
    get_local $var0
    get_local $var1
    atomic.notify
  )
  (func $func2 (param $var0 i32) (param $var1 i64) (param $var2 i64) (result i32)
    get_local $var0
    get_local $var1
    get_local $var2
    i64.atomic.wait
  )
  (func $func3 (param $var0 i32) (param $var1 i32) (param $var2 i64) (result i32)
    get_local $var0
    get_local $var1
    get_local $var2
    i32.atomic.wait
  )
)
