(module
  (type $type0 (func (param i32 i32) (result i32)))
  (export "addTwo" (func $func0))
  (func $func0 (param $var0 i32) (param $var1 i32) (result i32)
    get_local $var0
    get_local $var1
    i32.add
  )
)
