(module
  (type $type0 (func (result f64)))
  (export "calculate" (func $func0))
  (func $func0 (result f64)
    (local $var0 f64) (local $var1 f64) (local $var2 f64) (local $var3 f64) (local $var4 f64)
    f64.const 0x1.3880000000000p7
    set_local $var0
    f64.const 0x1.a0aaaaaab064bp7
    set_local $var1
    f64.const 0x1.c78e2aae3d096p0
    set_local $var2
    get_local $var1
    f64.neg
    get_local $var0
    f64.mul
    get_local $var0
    get_local $var2
    f64.mul
    get_local $var1
    f64.sub
    f64.div
    set_local $var3
    get_local $var1
    f64.neg
    get_local $var0
    f64.mul
    get_local $var0
    get_local $var2
    f64.mul
    get_local $var1
    f64.sub
    f64.div
    set_local $var4
    block $label0
      get_local $var3
      get_local $var4
      f64.eq
      br_if $label0
      unreachable
    end $label0
    get_local $var4
  )
)
