(module
  (type $type0 (func (param i32 i32 i32)))
  (type $type1 (func (param i32) (result f64)))
  (memory (;0;) 1 1)
  (export "f64.simple_x4_sum" (func $func0))
  (export "f64.load" (func $func1))
  (func $func0 (param $var0 i32) (param $var1 i32) (param $var2 i32)
    (local $var3 f64) (local $var4 f64) (local $var5 f64) (local $var6 f64) (local $var7 f64) (local $var8 f64) (local $var9 f64) (local $var10 f64)
    get_local $var0
    f64.load
    set_local $var3
    get_local $var0
    f64.load offset=8
    set_local $var4
    get_local $var0
    f64.load offset=16
    set_local $var5
    get_local $var0
    f64.load offset=24
    set_local $var6
    get_local $var1
    f64.load
    set_local $var7
    get_local $var1
    f64.load offset=8
    set_local $var8
    get_local $var1
    f64.load offset=16
    set_local $var9
    get_local $var1
    f64.load offset=24
    set_local $var10
    get_local $var2
    get_local $var3
    get_local $var7
    f64.add
    f64.store
    get_local $var2
    get_local $var4
    get_local $var8
    f64.add
    f64.store offset=8
    get_local $var2
    get_local $var5
    get_local $var9
    f64.add
    f64.store offset=16
    get_local $var2
    get_local $var6
    get_local $var10
    f64.add
    f64.store offset=24
  )
  (func $func1 (param $var0 i32) (result f64)
    get_local $var0
    f64.load
  )
  (data (i32.const 0)
    "\01\00\00\00\00\00\00\00\01\00\00\00\00\00\00\80\01\00\00\00\00\00\00\00\01\00\00\00\00\00\00\80\01\00\00\00\00\00\00\00\01\00\00\00\00\00\00\00\00\00\00\00\00\00\00\00\00\00\00\00\00\00\00\00\00\00\00\00\00\00\00\00\00\00\00\00\00\00\00\00\00\00\00\00\00\00\00\00\00\00\00\00\00\00\00\00"
  )
)
