(module
  (type $type0 (func (param i32 i32 i32)))
  (type $type1 (func (param i32) (result f32)))
  (memory (;0;) 1 1)
  (export "f32.simple_x4_sum" (func $func0))
  (export "f32.load" (func $func1))
  (func $func0 (param $var0 i32) (param $var1 i32) (param $var2 i32)
    (local $var3 f32) (local $var4 f32) (local $var5 f32) (local $var6 f32) (local $var7 f32) (local $var8 f32) (local $var9 f32) (local $var10 f32)
    get_local $var0
    f32.load
    set_local $var3
    get_local $var0
    f32.load offset=4
    set_local $var4
    get_local $var0
    f32.load offset=8
    set_local $var5
    get_local $var0
    f32.load offset=12
    set_local $var6
    get_local $var1
    f32.load
    set_local $var7
    get_local $var1
    f32.load offset=4
    set_local $var8
    get_local $var1
    f32.load offset=8
    set_local $var9
    get_local $var1
    f32.load offset=12
    set_local $var10
    get_local $var2
    get_local $var3
    get_local $var7
    f32.add
    f32.store
    get_local $var2
    get_local $var4
    get_local $var8
    f32.add
    f32.store offset=4
    get_local $var2
    get_local $var5
    get_local $var9
    f32.add
    f32.store offset=8
    get_local $var2
    get_local $var6
    get_local $var10
    f32.add
    f32.store offset=12
  )
  (func $func1 (param $var0 i32) (result f32)
    get_local $var0
    f32.load
  )
  (data (i32.const 0)
    "\01\00\00\00\01\00\00\80\01\00\00\00\01\00\00\80\01\00\00\00\01\00\00\00\00\00\00\00\00\00\00\00\00\00\00\00\00\00\00\00\00\00\00\00\00\00\00\00"
  )
)
