(module
  (type $type0 (func (param i32) (result f64)))
  (export "tau" (func $func0))
  (func $func0 (param $var0 i32) (result f64)
    (local $var1 f64) (local $var2 f64) (local $var3 f64) (local $var4 f64)
    f64.const 0.0
    set_local $var1
    block $label0
      get_local $var0
      i32.const 1
      i32.lt_s
      br_if $label0
      f64.const 0x1.0000000000000p0
      set_local $var2
      f64.const 0.0
      set_local $var3
      loop $label1
        get_local $var1
        get_local $var2
        f64.const 0x1.0000000000000p3
        get_local $var3
        f64.const 0x1.0000000000000p3
        f64.mul
        tee_local $var4
        f64.const 0x1.0000000000000p0
        f64.add
        f64.div
        f64.const 0x1.0000000000000p2
        get_local $var4
        f64.const 0x1.0000000000000p2
        f64.add
        f64.div
        f64.sub
        f64.const 0x1.0000000000000p1
        get_local $var4
        f64.const 0x1.4000000000000p2
        f64.add
        f64.div
        f64.sub
        f64.const 0x1.0000000000000p1
        get_local $var4
        f64.const 0x1.8000000000000p2
        f64.add
        f64.div
        f64.sub
        f64.mul
        f64.add
        set_local $var1
        get_local $var3
        f64.const 0x1.0000000000000p0
        f64.add
        set_local $var3
        get_local $var2
        f64.const 0x1.0000000000000p-4
        f64.mul
        set_local $var2
        get_local $var0
        i32.const -1
        i32.add
        tee_local $var0
        br_if $label1
      end $label1
    end $label0
    get_local $var1
  )
)
