(module
  (type $type0 (func (param f32 f32) (result f32)))
  (type $type1 (func (param f64 f64) (result f64)))
  (export "f32.no_fold_conditional_inc" (func $func0))
  (export "f64.no_fold_conditional_inc" (func $func1))
  (func $func0 (param $var0 f32) (param $var1 f32) (result f32)
    get_local $var0
    get_local $var0
    f32.const 0x1.000000p0
    f32.add
    get_local $var1
    f32.const 0.0
    f32.lt
    select
  )
  (func $func1 (param $var0 f64) (param $var1 f64) (result f64)
    get_local $var0
    get_local $var0
    f64.const 0x1.0000000000000p0
    f64.add
    get_local $var1
    f64.const 0.0
    f64.lt
    select
  )
)
