(module
  (type $type0 (func (param f32) (result f32)))
  (type $type1 (func (param f64) (result f64)))
  (export "f32.no_fold_add_neg" (func $func0))
  (export "f64.no_fold_add_neg" (func $func1))
  (func $func0 (param $var0 f32) (result f32)
    get_local $var0
    f32.neg
    get_local $var0
    f32.add
  )
  (func $func1 (param $var0 f64) (result f64)
    get_local $var0
    f64.neg
    get_local $var0
    f64.add
  )
)
