(module
  (type $type0 (func (param f32) (result f32)))
  (type $type1 (func (param f64) (result f64)))
  (export "f32_sqrt_minus_2" (func $func0))
  (export "f64_sqrt_minus_2" (func $func1))
  (func $func0 (param $var0 f32) (result f32)
    get_local $var0
    f32.sqrt
    f32.const 0x1.000000p1
    f32.sub
  )
  (func $func1 (param $var0 f64) (result f64)
    get_local $var0
    f64.sqrt
    f64.const 0x1.0000000000000p1
    f64.sub
  )
)
