(module
  (type $type0 (func (param i32 f32)))
  (type $type1 (func (param i32) (result f32)))
  (memory (;0;) 1 1)
  (export "init" (func $func0))
  (export "run" (func $func1))
  (export "check" (func $func2))
  (func $func0 (param $var0 i32) (param $var1 f32)
    get_local $var0
    get_local $var1
    f32.store
  )
  (func $func1 (param $var0 i32) (param $var1 f32)
    (local $var2 i32)
    block
      loop $label0
        get_local $var2
        get_local $var2
        f32.load
        get_local $var1
        f32.div
        f32.store
        get_local $var2
        i32.const 4
        i32.add
        set_local $var2
        get_local $var2
        get_local $var0
        i32.lt_u
        br_if $label0
      end $label0
    end
  )
  (func $func2 (param $var0 i32) (result f32)
    get_local $var0
    f32.load
  )
)
