(module
  (type $type0 (func (param f32) (result f32)))
  (type $type1 (func (param f64) (result f64)))
  (export "f32.no_approximate_reciprocal_sqrt" (func $func0))
  (export "f64.no_fuse_reciprocal_sqrt" (func $func1))
  (func $func0 (param $var0 f32) (result f32)
    f32.const 0x1.000000p0
    get_local $var0
    f32.sqrt
    f32.div
  )
  (func $func1 (param $var0 f64) (result f64)
    f64.const 0x1.0000000000000p0
    get_local $var0
    f64.sqrt
    f64.div
  )
)
