(module
  (type $type0 (func (param f32) (result f32)))
  (type $type1 (func (param f64) (result f64)))
  (export "f32.no_fold_div2_mul2" (func $func0))
  (export "f64.no_fold_div2_mul2" (func $func1))
  (func $func0 (param $var0 f32) (result f32)
    get_local $var0
    f32.const 0x1.000000p1
    f32.div
    f32.const 0x1.000000p1
    f32.mul
  )
  (func $func1 (param $var0 f64) (result f64)
    get_local $var0
    f64.const 0x1.0000000000000p1
    f64.div
    f64.const 0x1.0000000000000p1
    f64.mul
  )
)
