(module
  (type $type0 (func (param f32 f32) (result f32)))
  (type $type1 (func (param f64 f64) (result f64)))
  (export "f32.compute_radix" (func $func0))
  (export "f64.compute_radix" (func $func1))
  (func $func0 (param $var0 f32) (param $var1 f32) (result f32)
    loop $label0
      get_local $var0
      get_local $var0
      f32.add
      tee_local $var0
      f32.const 0x1.000000p0
      f32.add
      get_local $var0
      f32.sub
      f32.const -0x1.000000p0
      f32.add
      f32.const 0.0
      f32.eq
      br_if $label0
    end $label0
    loop $label1
      get_local $var0
      get_local $var1
      f32.const 0x1.000000p0
      f32.add
      tee_local $var1
      f32.add
      get_local $var0
      f32.sub
      get_local $var1
      f32.sub
      f32.const 0.0
      f32.ne
      br_if $label1
    end $label1
    get_local $var1
  )
  (func $func1 (param $var0 f64) (param $var1 f64) (result f64)
    loop $label0
      get_local $var0
      get_local $var0
      f64.add
      tee_local $var0
      f64.const 0x1.0000000000000p0
      f64.add
      get_local $var0
      f64.sub
      f64.const -0x1.0000000000000p0
      f64.add
      f64.const 0.0
      f64.eq
      br_if $label0
    end $label0
    loop $label1
      get_local $var0
      get_local $var1
      f64.const 0x1.0000000000000p0
      f64.add
      tee_local $var1
      f64.add
      get_local $var0
      f64.sub
      get_local $var1
      f64.sub
      f64.const 0.0
      f64.ne
      br_if $label1
    end $label1
    get_local $var1
  )
)
