(module
  (type $type0 (func (param f32) (result f32)))
  (export "no_fold_promote_demote" (func $func0))
  (func $func0 (param $var0 f32) (result f32)
    get_local $var0
    f64.promote/f32
    f32.demote/f64
  )
)
