(module
  (type $type0 (func (param i32 f64)))
  (type $type1 (func (param i32) (result f64)))
  (memory (;0;) 1 1)
  (export "init" (func $func0))
  (export "run" (func $func1))
  (export "check" (func $func2))
  (func $func0 (param $var0 i32) (param $var1 f64)
    get_local $var0
    get_local $var1
    f64.store
  )
  (func $func1 (param $var0 i32) (param $var1 f64)
    (local $var2 i32)
    block
      loop $label0
        get_local $var2
        get_local $var2
        f64.load
        get_local $var1
        f64.div
        f64.store
        get_local $var2
        i32.const 8
        i32.add
        set_local $var2
        get_local $var2
        get_local $var0
        i32.lt_u
        br_if $label0
      end $label0
    end
  )
  (func $func2 (param $var0 i32) (result f64)
    get_local $var0
    f64.load
  )
)
