(module
  (type $type0 (func (param f32) (result f32)))
  (type $type1 (func (param f64) (result f64)))
  (export "f32.no_fold_div_3" (func $func0))
  (export "f64.no_fold_div_3" (func $func1))
  (func $func0 (param $var0 f32) (result f32)
    get_local $var0
    f32.const 0x1.800000p1
    f32.div
  )
  (func $func1 (param $var0 f64) (result f64)
    get_local $var0
    f64.const 0x1.8000000000000p1
    f64.div
  )
)
