(module
  (type $type0 (func (result i32)))
  (type $type1 (func (result i64)))
  (export "f32.nan" (func $func0))
  (export "f32.positive_nan" (func $func1))
  (export "f32.negative_nan" (func $func2))
  (export "f32.plain_nan" (func $func3))
  (export "f32.informally_known_as_plain_snan" (func $func4))
  (export "f32.all_ones_nan" (func $func5))
  (export "f32.misc_nan" (func $func6))
  (export "f32.misc_positive_nan" (func $func7))
  (export "f32.misc_negative_nan" (func $func8))
  (export "f32.infinity" (func $func9))
  (export "f32.positive_infinity" (func $func10))
  (export "f32.negative_infinity" (func $func11))
  (export "f32.zero" (func $func12))
  (export "f32.positive_zero" (func $func13))
  (export "f32.negative_zero" (func $func14))
  (export "f32.misc" (func $func15))
  (export "f32.min_positive" (func $func16))
  (export "f32.min_normal" (func $func17))
  (export "f32.max_finite" (func $func18))
  (export "f32.max_subnormal" (func $func19))
  (export "f32.trailing_dot" (func $func20))
  (export "f32_dec.zero" (func $func21))
  (export "f32_dec.positive_zero" (func $func22))
  (export "f32_dec.negative_zero" (func $func23))
  (export "f32_dec.misc" (func $func24))
  (export "f32_dec.min_positive" (func $func25))
  (export "f32_dec.min_normal" (func $func26))
  (export "f32_dec.max_subnormal" (func $func27))
  (export "f32_dec.max_finite" (func $func28))
  (export "f32_dec.trailing_dot" (func $func29))
  (export "f64.nan" (func $func30))
  (export "f64.positive_nan" (func $func31))
  (export "f64.negative_nan" (func $func32))
  (export "f64.plain_nan" (func $func33))
  (export "f64.informally_known_as_plain_snan" (func $func34))
  (export "f64.all_ones_nan" (func $func35))
  (export "f64.misc_nan" (func $func36))
  (export "f64.misc_positive_nan" (func $func37))
  (export "f64.misc_negative_nan" (func $func38))
  (export "f64.infinity" (func $func39))
  (export "f64.positive_infinity" (func $func40))
  (export "f64.negative_infinity" (func $func41))
  (export "f64.zero" (func $func42))
  (export "f64.positive_zero" (func $func43))
  (export "f64.negative_zero" (func $func44))
  (export "f64.misc" (func $func45))
  (export "f64.min_positive" (func $func46))
  (export "f64.min_normal" (func $func47))
  (export "f64.max_subnormal" (func $func48))
  (export "f64.max_finite" (func $func49))
  (export "f64.trailing_dot" (func $func50))
  (export "f64_dec.zero" (func $func51))
  (export "f64_dec.positive_zero" (func $func52))
  (export "f64_dec.negative_zero" (func $func53))
  (export "f64_dec.misc" (func $func54))
  (export "f64_dec.min_positive" (func $func55))
  (export "f64_dec.min_normal" (func $func56))
  (export "f64_dec.max_subnormal" (func $func57))
  (export "f64_dec.max_finite" (func $func58))
  (export "f64_dec.trailing_dot" (func $func59))
  (func $func0 (result i32)
    f32.const nan
    i32.reinterpret/f32
  )
  (func $func1 (result i32)
    f32.const nan
    i32.reinterpret/f32
  )
  (func $func2 (result i32)
    f32.const -nan
    i32.reinterpret/f32
  )
  (func $func3 (result i32)
    f32.const nan
    i32.reinterpret/f32
  )
  (func $func4 (result i32)
    f32.const nan:0x200000
    i32.reinterpret/f32
  )
  (func $func5 (result i32)
    f32.const -nan:0x7fffff
    i32.reinterpret/f32
  )
  (func $func6 (result i32)
    f32.const nan:0x12345
    i32.reinterpret/f32
  )
  (func $func7 (result i32)
    f32.const nan:0x304050
    i32.reinterpret/f32
  )
  (func $func8 (result i32)
    f32.const -nan:0x2abcde
    i32.reinterpret/f32
  )
  (func $func9 (result i32)
    f32.const inf
    i32.reinterpret/f32
  )
  (func $func10 (result i32)
    f32.const inf
    i32.reinterpret/f32
  )
  (func $func11 (result i32)
    f32.const -inf
    i32.reinterpret/f32
  )
  (func $func12 (result i32)
    f32.const 0.0
    i32.reinterpret/f32
  )
  (func $func13 (result i32)
    f32.const 0.0
    i32.reinterpret/f32
  )
  (func $func14 (result i32)
    f32.const -0.0
    i32.reinterpret/f32
  )
  (func $func15 (result i32)
    f32.const 0x1.921fb6p2
    i32.reinterpret/f32
  )
  (func $func16 (result i32)
    f32.const 0x0.000002p-126
    i32.reinterpret/f32
  )
  (func $func17 (result i32)
    f32.const 0x1.000000p-126
    i32.reinterpret/f32
  )
  (func $func18 (result i32)
    f32.const 0x1.fffffep127
    i32.reinterpret/f32
  )
  (func $func19 (result i32)
    f32.const 0x0.fffffep-126
    i32.reinterpret/f32
  )
  (func $func20 (result i32)
    f32.const 0x1.000000p10
    i32.reinterpret/f32
  )
  (func $func21 (result i32)
    f32.const 0.0
    i32.reinterpret/f32
  )
  (func $func22 (result i32)
    f32.const 0.0
    i32.reinterpret/f32
  )
  (func $func23 (result i32)
    f32.const -0.0
    i32.reinterpret/f32
  )
  (func $func24 (result i32)
    f32.const 0x1.921fb6p2
    i32.reinterpret/f32
  )
  (func $func25 (result i32)
    f32.const 0x0.000002p-126
    i32.reinterpret/f32
  )
  (func $func26 (result i32)
    f32.const 0x1.000000p-126
    i32.reinterpret/f32
  )
  (func $func27 (result i32)
    f32.const 0x0.fffffep-126
    i32.reinterpret/f32
  )
  (func $func28 (result i32)
    f32.const 0x1.fffffep127
    i32.reinterpret/f32
  )
  (func $func29 (result i32)
    f32.const 0x1.2a05f2p33
    i32.reinterpret/f32
  )
  (func $func30 (result i64)
    f64.const nan
    i64.reinterpret/f64
  )
  (func $func31 (result i64)
    f64.const nan
    i64.reinterpret/f64
  )
  (func $func32 (result i64)
    f64.const -nan
    i64.reinterpret/f64
  )
  (func $func33 (result i64)
    f64.const nan
    i64.reinterpret/f64
  )
  (func $func34 (result i64)
    f64.const nan:0x4000000000000
    i64.reinterpret/f64
  )
  (func $func35 (result i64)
    f64.const -nan:0xfffffffffffff
    i64.reinterpret/f64
  )
  (func $func36 (result i64)
    f64.const nan:0x123456789abc
    i64.reinterpret/f64
  )
  (func $func37 (result i64)
    f64.const nan:0x3040506070809
    i64.reinterpret/f64
  )
  (func $func38 (result i64)
    f64.const -nan:0x2abcdef012345
    i64.reinterpret/f64
  )
  (func $func39 (result i64)
    f64.const inf
    i64.reinterpret/f64
  )
  (func $func40 (result i64)
    f64.const inf
    i64.reinterpret/f64
  )
  (func $func41 (result i64)
    f64.const -inf
    i64.reinterpret/f64
  )
  (func $func42 (result i64)
    f64.const 0.0
    i64.reinterpret/f64
  )
  (func $func43 (result i64)
    f64.const 0.0
    i64.reinterpret/f64
  )
  (func $func44 (result i64)
    f64.const -0.0
    i64.reinterpret/f64
  )
  (func $func45 (result i64)
    f64.const 0x1.921fb54442d18p2
    i64.reinterpret/f64
  )
  (func $func46 (result i64)
    f64.const 0x0.0000000000001p-1022
    i64.reinterpret/f64
  )
  (func $func47 (result i64)
    f64.const 0x1.0000000000000p-1022
    i64.reinterpret/f64
  )
  (func $func48 (result i64)
    f64.const 0x0.fffffffffffffp-1022
    i64.reinterpret/f64
  )
  (func $func49 (result i64)
    f64.const 0x1.fffffffffffffp1023
    i64.reinterpret/f64
  )
  (func $func50 (result i64)
    f64.const 0x1.0000000000000p100
    i64.reinterpret/f64
  )
  (func $func51 (result i64)
    f64.const 0.0
    i64.reinterpret/f64
  )
  (func $func52 (result i64)
    f64.const 0.0
    i64.reinterpret/f64
  )
  (func $func53 (result i64)
    f64.const -0.0
    i64.reinterpret/f64
  )
  (func $func54 (result i64)
    f64.const 0x1.921fb54442d18p2
    i64.reinterpret/f64
  )
  (func $func55 (result i64)
    f64.const 0x0.0000000000001p-1022
    i64.reinterpret/f64
  )
  (func $func56 (result i64)
    f64.const 0x1.0000000000000p-1022
    i64.reinterpret/f64
  )
  (func $func57 (result i64)
    f64.const 0x0.fffffffffffffp-1022
    i64.reinterpret/f64
  )
  (func $func58 (result i64)
    f64.const 0x1.fffffffffffffp1023
    i64.reinterpret/f64
  )
  (func $func59 (result i64)
    f64.const 0x1.249ad2594c37dp332
    i64.reinterpret/f64
  )
)
