(module
  (type $type0 (func (param f32) (result f32)))
  (type $type1 (func (param f64) (result f64)))
  (export "f32.i32.no_fold_trunc_s_convert_s" (func $func0))
  (export "f32.i32.no_fold_trunc_u_convert_s" (func $func1))
  (export "f32.i32.no_fold_trunc_s_convert_u" (func $func2))
  (export "f32.i32.no_fold_trunc_u_convert_u" (func $func3))
  (export "f64.i32.no_fold_trunc_s_convert_s" (func $func4))
  (export "f64.i32.no_fold_trunc_u_convert_s" (func $func5))
  (export "f64.i32.no_fold_trunc_s_convert_u" (func $func6))
  (export "f64.i32.no_fold_trunc_u_convert_u" (func $func7))
  (export "f32.i64.no_fold_trunc_s_convert_s" (func $func8))
  (export "f32.i64.no_fold_trunc_u_convert_s" (func $func9))
  (export "f32.i64.no_fold_trunc_s_convert_u" (func $func10))
  (export "f32.i64.no_fold_trunc_u_convert_u" (func $func11))
  (export "f64.i64.no_fold_trunc_s_convert_s" (func $func12))
  (export "f64.i64.no_fold_trunc_u_convert_s" (func $func13))
  (export "f64.i64.no_fold_trunc_s_convert_u" (func $func14))
  (export "f64.i64.no_fold_trunc_u_convert_u" (func $func15))
  (func $func0 (param $var0 f32) (result f32)
    get_local $var0
    i32.trunc_s/f32
    f32.convert_s/i32
  )
  (func $func1 (param $var0 f32) (result f32)
    get_local $var0
    i32.trunc_u/f32
    f32.convert_s/i32
  )
  (func $func2 (param $var0 f32) (result f32)
    get_local $var0
    i32.trunc_s/f32
    f32.convert_u/i32
  )
  (func $func3 (param $var0 f32) (result f32)
    get_local $var0
    i32.trunc_u/f32
    f32.convert_u/i32
  )
  (func $func4 (param $var0 f64) (result f64)
    get_local $var0
    i32.trunc_s/f64
    f64.convert_s/i32
  )
  (func $func5 (param $var0 f64) (result f64)
    get_local $var0
    i32.trunc_u/f64
    f64.convert_s/i32
  )
  (func $func6 (param $var0 f64) (result f64)
    get_local $var0
    i32.trunc_s/f64
    f64.convert_u/i32
  )
  (func $func7 (param $var0 f64) (result f64)
    get_local $var0
    i32.trunc_u/f64
    f64.convert_u/i32
  )
  (func $func8 (param $var0 f32) (result f32)
    get_local $var0
    i64.trunc_s/f32
    f32.convert_s/i64
  )
  (func $func9 (param $var0 f32) (result f32)
    get_local $var0
    i64.trunc_u/f32
    f32.convert_s/i64
  )
  (func $func10 (param $var0 f32) (result f32)
    get_local $var0
    i64.trunc_s/f32
    f32.convert_u/i64
  )
  (func $func11 (param $var0 f32) (result f32)
    get_local $var0
    i64.trunc_u/f32
    f32.convert_u/i64
  )
  (func $func12 (param $var0 f64) (result f64)
    get_local $var0
    i64.trunc_s/f64
    f64.convert_s/i64
  )
  (func $func13 (param $var0 f64) (result f64)
    get_local $var0
    i64.trunc_u/f64
    f64.convert_s/i64
  )
  (func $func14 (param $var0 f64) (result f64)
    get_local $var0
    i64.trunc_s/f64
    f64.convert_u/i64
  )
  (func $func15 (param $var0 f64) (result f64)
    get_local $var0
    i64.trunc_u/f64
    f64.convert_u/i64
  )
)
