(module
  (type $type0 (func (param f32 f32 f32) (result f32)))
  (type $type1 (func (param f64 f64 f64) (result f64)))
  (export "f32.no_fold_add_divs" (func $func0))
  (export "f64.no_fold_add_divs" (func $func1))
  (func $func0 (param $var0 f32) (param $var1 f32) (param $var2 f32) (result f32)
    get_local $var0
    get_local $var2
    f32.div
    get_local $var1
    get_local $var2
    f32.div
    f32.add
  )
  (func $func1 (param $var0 f64) (param $var1 f64) (param $var2 f64) (result f64)
    get_local $var0
    get_local $var2
    f64.div
    get_local $var1
    get_local $var2
    f64.div
    f64.add
  )
)
