(module
  (type $type0 (func (result f32)))
  (type $type1 (func (result f64)))
  (export "f32.incorrect_correction" (func $func0))
  (export "f64.incorrect_correction" (func $func1))
  (func $func0 (result f32)
    f32.const 0x1.553f7cp0
    f32.const 0x1.39999ap0
    f32.add
    f32.const 0x1.553f7cp0
    f32.sub
    f32.const 0x1.39999ap0
    f32.sub
  )
  (func $func1 (result f64)
    f64.const 0x1.553f7ced91687p0
    f64.const 0x1.399999999999ap0
    f64.add
    f64.const 0x1.553f7ced91687p0
    f64.sub
    f64.const 0x1.399999999999ap0
    f64.sub
  )
)
