(module
  (type $type0 (func (param f64) (result f64)))
  (export "no_fold_demote_promote" (func $func0))
  (func $func0 (param $var0 f64) (result f64)
    get_local $var0
    f32.demote/f64
    f64.promote/f32
  )
)
