(module
  (type $type0 (func (result i32)))
  (type $type1 (func (result i64)))
  (type $type2 (func (param i32)))
  (type $type3 (func (param i64)))
  (type $type4 (func (result f32)))
  (type $type5 (func (result f64)))
  (type $type6 (func (param f32)))
  (type $type7 (func (param f64)))
  (global $global0 i32 (i32.const -2))
  (global $global1 f32 (f32.const -0x1.800000p1))
  (global $global2 f64 (f64.const -0x1.0000000000000p2))
  (global $global3 i64 (i64.const -5))
  (global $global4 (mut i32) (i32.const -12))
  (global $global5 (mut f32) (f32.const -0x1.a00000p3))
  (global $global6 (mut f64) (f64.const -0x1.c000000000000p3))
  (global $global7 (mut i64) (i64.const -15))
  (export "get-a" (func $func0))
  (export "get-b" (func $func1))
  (export "get-x" (func $func2))
  (export "get-y" (func $func3))
  (export "set-x" (func $func4))
  (export "set-y" (func $func5))
  (export "get-1" (func $func6))
  (export "get-2" (func $func7))
  (export "get-5" (func $func8))
  (export "get-6" (func $func9))
  (export "set-5" (func $func10))
  (export "set-6" (func $func11))
  (func $func0 (result i32)
    get_global $global0
  )
  (func $func1 (result i64)
    get_global $global3
  )
  (func $func2 (result i32)
    get_global $global4
  )
  (func $func3 (result i64)
    get_global $global7
  )
  (func $func4 (param $var0 i32)
    get_local $var0
    set_global $global4
  )
  (func $func5 (param $var0 i64)
    get_local $var0
    set_global $global7
  )
  (func $func6 (result f32)
    get_global $global1
  )
  (func $func7 (result f64)
    get_global $global2
  )
  (func $func8 (result f32)
    get_global $global5
  )
  (func $func9 (result f64)
    get_global $global6
  )
  (func $func10 (param $var0 f32)
    get_local $var0
    set_global $global5
  )
  (func $func11 (param $var0 f64)
    get_local $var0
    set_global $global6
  )
)
