(module
  (import "spectest" "global" (memory (;0;) 1))
)
