(module
  (import "spectest" "print" (memory (;0;) 1))
)
