(module
  (type $type0 (func (result i32)))
  (type $type1 (func (param i32) (result i32)))
  (export "block" (func $func0))
  (export "loop1" (func $func1))
  (export "loop2" (func $func2))
  (export "loop3" (func $func3))
  (export "loop4" (func $func4))
  (export "loop5" (func $func5))
  (export "if" (func $func6))
  (export "if2" (func $func7))
  (export "switch" (func $func8))
  (export "return" (func $func9))
  (export "br_if0" (func $func10))
  (export "br_if1" (func $func11))
  (export "br_if2" (func $func12))
  (export "br_if3" (func $func13))
  (export "br" (func $func14))
  (export "shadowing" (func $func15))
  (export "redefinition" (func $func16))
  (func $func0 (result i32)
    block $label0 (result i32)
      i32.const 1
      br $label0
      i32.const 0
    end $label0
  )
  (func $func1 (result i32)
    (local $var0 i32)
    i32.const 0
    set_local $var0
    block $label0 (result i32)
      loop $label1 (result i32)
        get_local $var0
        i32.const 1
        i32.add
        set_local $var0
        get_local $var0
        i32.const 5
        i32.eq
        if
          get_local $var0
          br $label0
        end
        br $label1
      end $label1
    end $label0
  )
  (func $func2 (result i32)
    (local $var0 i32)
    i32.const 0
    set_local $var0
    block $label1 (result i32)
      loop $label0 (result i32)
        get_local $var0
        i32.const 1
        i32.add
        set_local $var0
        get_local $var0
        i32.const 5
        i32.eq
        if
          br $label0
        end
        get_local $var0
        i32.const 8
        i32.eq
        if
          get_local $var0
          br $label1
        end
        get_local $var0
        i32.const 1
        i32.add
        set_local $var0
        br $label0
      end $label0
    end $label1
  )
  (func $func3 (result i32)
    (local $var0 i32)
    i32.const 0
    set_local $var0
    block $label0 (result i32)
      loop (result i32)
        get_local $var0
        i32.const 1
        i32.add
        set_local $var0
        get_local $var0
        i32.const 5
        i32.eq
        if
          get_local $var0
          br $label0
        end
        get_local $var0
      end
    end $label0
  )
  (func $func4 (param $var0 i32) (result i32)
    (local $var1 i32)
    i32.const 1
    set_local $var1
    block $label0 (result i32)
      loop $label1 (result i32)
        get_local $var1
        get_local $var1
        i32.add
        set_local $var1
        get_local $var1
        get_local $var0
        i32.gt_u
        if
          get_local $var1
          br $label0
        end
        br $label1
      end $label1
    end $label0
  )
  (func $func5 (result i32)
    loop (result i32)
      i32.const 1
    end
    i32.const 1
    i32.add
  )
  (func $func6 (result i32)
    (local $var0 i32)
    i32.const 0
    set_local $var0
    block
      i32.const 1
      if $label0
        br $label0
        i32.const 666
        set_local $var0
      end $label0
      get_local $var0
      i32.const 1
      i32.add
      set_local $var0
      i32.const 1
      if $label1
        br $label1
        i32.const 666
        set_local $var0
      else
        i32.const 888
        set_local $var0
      end $label1
      get_local $var0
      i32.const 1
      i32.add
      set_local $var0
      i32.const 1
      if $label2
        br $label2
        i32.const 666
        set_local $var0
      else
        i32.const 888
        set_local $var0
      end $label2
      get_local $var0
      i32.const 1
      i32.add
      set_local $var0
      i32.const 0
      if $label3
        i32.const 888
        set_local $var0
      else
        br $label3
        i32.const 666
        set_local $var0
      end $label3
      get_local $var0
      i32.const 1
      i32.add
      set_local $var0
      i32.const 0
      if $label4
        i32.const 888
        set_local $var0
      else
        br $label4
        i32.const 666
        set_local $var0
      end $label4
      get_local $var0
      i32.const 1
      i32.add
      set_local $var0
    end
    get_local $var0
  )
  (func $func7 (result i32)
    (local $var0 i32)
    i32.const 0
    set_local $var0
    block
      i32.const 1
      if $label0
        br $label0
        i32.const 666
        set_local $var0
      end $label0
      get_local $var0
      i32.const 1
      i32.add
      set_local $var0
      i32.const 1
      if $label1
        br $label1
        i32.const 666
        set_local $var0
      else
        i32.const 888
        set_local $var0
      end $label1
      get_local $var0
      i32.const 1
      i32.add
      set_local $var0
      i32.const 1
      if $label2
        br $label2
        i32.const 666
        set_local $var0
      else
        i32.const 888
        set_local $var0
      end $label2
      get_local $var0
      i32.const 1
      i32.add
      set_local $var0
      i32.const 0
      if $label3
        i32.const 888
        set_local $var0
      else
        br $label3
        i32.const 666
        set_local $var0
      end $label3
      get_local $var0
      i32.const 1
      i32.add
      set_local $var0
      i32.const 0
      if $label4
        i32.const 888
        set_local $var0
      else
        br $label4
        i32.const 666
        set_local $var0
      end $label4
      get_local $var0
      i32.const 1
      i32.add
      set_local $var0
    end
    get_local $var0
  )
  (func $func8 (param $var0 i32) (result i32)
    block $label6 (result i32)
      i32.const 10
      block $label5 (result i32)
        block $label0
          block $label4
            block $label3
              block $label2
                block $label1
                  get_local $var0
                  br_table $label0 $label1 $label2 $label3 $label4
                end $label1
              end $label2
              i32.const 2
              br $label5
            end $label3
            i32.const 3
            br $label6
          end $label4
        end $label0
        i32.const 5
      end $label5
      i32.mul
    end $label6
  )
  (func $func9 (param $var0 i32) (result i32)
    block $label2
      block $label1
        block $label0
          get_local $var0
          br_table $label0 $label1
          br $label2
        end $label0
        i32.const 0
        return
      end $label1
    end $label2
    i32.const 2
  )
  (func $func10 (result i32)
    (local $var0 i32)
    i32.const 0
    set_local $var0
    block $label1 (result i32)
      block $label0
        i32.const 0
        br_if $label0
        get_local $var0
        i32.const 1
        i32.or
        set_local $var0
        i32.const 1
        br_if $label0
        get_local $var0
        i32.const 2
        i32.or
        set_local $var0
      end $label0
      block (result i32)
        get_local $var0
        i32.const 4
        i32.or
        set_local $var0
        get_local $var0
      end
      i32.const 0
      br_if $label1
      drop
      get_local $var0
      i32.const 8
      i32.or
      set_local $var0
      block (result i32)
        get_local $var0
        i32.const 16
        i32.or
        set_local $var0
        get_local $var0
      end
      i32.const 1
      br_if $label1
      drop
      get_local $var0
      i32.const 32
      i32.or
      set_local $var0
      get_local $var0
    end $label1
  )
  (func $func11 (result i32)
    block $label1 (result i32)
      block $label0 (result i32)
        i32.const 1
        br $label0
      end $label0
      i32.const 1
      br_if $label1
      drop
      i32.const 1
    end $label1
  )
  (func $func12 (result i32)
    block $label1 (result i32)
      i32.const 1
      if
        block $label0 (result i32)
          i32.const 1
          br $label0
        end $label0
        br $label1
      end
      i32.const 1
    end $label1
  )
  (func $func13 (result i32)
    (local $var0 i32)
    block $label0 (result i32)
      block (result i32)
        i32.const 1
        set_local $var0
        get_local $var0
      end
      block (result i32)
        i32.const 2
        set_local $var0
        get_local $var0
      end
      br_if $label0
      drop
      i32.const 0
    end $label0
    i32.const 0
    i32.add
    drop
    get_local $var0
  )
  (func $func14 (result i32)
    block $label1 (result i32)
      i32.const 1
      if
        block $label0 (result i32)
          i32.const 1
          br $label0
        end $label0
        br $label1
      else
        block
          block $label2 (result i32)
            i32.const 1
            br $label2
          end $label2
          drop
        end
      end
      i32.const 1
    end $label1
  )
  (func $func15 (result i32)
    block $label0 (result i32)
      i32.const 1
      br $label0
      i32.const 2
      i32.xor
    end $label0
  )
  (func $func16 (result i32)
    block (result i32)
      block (result i32)
        i32.const 2
      end
      block $label0 (result i32)
        i32.const 3
        br $label0
      end $label0
      i32.add
    end
  )
)
