(module
  (type $type0 (func (param i32) (result i32)))
  (import "Mm" "mem" (memory (;0;) 1))
  (export "load" (func $func0))
  (func $func0 (param $var0 i32) (result i32)
    get_local $var0
    i32.load8_u
  )
  (data (i32.const 5)
    "\a0\a1\a2\a3\a4\a5\a6\a7"
  )
)
