(module
  (import "spectest" "global" (global $global0 i32))
  (memory (;0;) 1)
  (data (get_global $global0)
    "a"
  )
)
