(module
  (memory (;0;) 1 2)
  (data (i32.const 0)
    "abc"
  )
  (data (i32.const 0)
    "def"
  )
)
