(module
  (type $type0 (func))
  (memory (;0;) 0)
  (func $func0
    i32.const 0
    f32.load
    drop
  )
)
