(module
  (memory (;0;) 1 2)
  (data (i32.const -1)
    ""
  )
)
