(module
  (memory (;0;) 1)
  (data (i32.const 73728)
    ""
  )
)
