(module
  (type $type0 (func (param i32 i32)))
  (type $type1 (func (param i32) (result i32)))
  (type $type2 (func (result i32)))
  (type $type3 (func (param i32)))
  (type $type4 (func))
  (import "env" "DYNAMICTOP_PTR" (global $global0 i32))
  (import "env" "tempDoublePtr" (global $global1 i32))
  (import "env" "ABORT" (global $global2 i32))
  (import "env" "STACKTOP" (global $global3 i32))
  (import "env" "STACK_MAX" (global $global4 i32))
  (import "env" "gb" (global $global5 i32))
  (import "env" "fb" (global $global6 i32))
  (import "global" "NaN" (global $global7 f64))
  (import "global" "Infinity" (global $global8 f64))
  (import "env" "memory" (memory (;0;) 256 256))
  (import "env" "table" (table $table0 0 0 anyfunc))
  (import "env" "memoryBase" (global $global9 i32))
  (import "env" "tableBase" (global $global10 i32))
  (global $global11 (mut i32) (get_global $global0))
  (global $global12 (mut i32) (get_global $global1))
  (global $global13 (mut i32) (get_global $global2))
  (global $global14 (mut i32) (get_global $global3))
  (global $global15 (mut i32) (get_global $global4))
  (global $global16 (mut i32) (get_global $global5))
  (global $global17 (mut i32) (get_global $global6))
  (global $global18 (mut i32) (i32.const 0))
  (global $global19 (mut i32) (i32.const 0))
  (global $global20 (mut i32) (i32.const 0))
  (global $global21 (mut i32) (i32.const 0))
  (global $global22 (mut f64) (get_global $global7))
  (global $global23 (mut f64) (get_global $global8))
  (global $global24 (mut i32) (i32.const 0))
  (global $global25 (mut i32) (i32.const 0))
  (global $global26 (mut i32) (i32.const 0))
  (global $global27 (mut i32) (i32.const 0))
  (global $global28 (mut f64) (f64.const 0.0))
  (global $global29 (mut i32) (i32.const 0))
  (global $global30 (mut i32) (i32.const 0))
  (global $global31 (mut i32) (i32.const 0))
  (global $global32 (mut f64) (f64.const 0.0))
  (global $global33 (mut i32) (i32.const 0))
  (global $global34 (mut f64) (f64.const 0.0))
  (export "setThrew" (func $func4))
  (export "runPostSets" (func $func6))
  (export "establishStackSpace" (func $func3))
  (export "stackSave" (func $func1))
  (export "stackRestore" (func $func2))
  (export "_fib" (func $func5))
  (export "stackAlloc" (func $func0))
  (func $func0 (param $var0 i32) (result i32)
    (local $var1 i32)
    block
      get_global $global14
      set_local $var1
      get_global $global14
      get_local $var0
      i32.add
      set_global $global14
      get_global $global14
      i32.const 15
      i32.add
      i32.const -16
      i32.and
      set_global $global14
      get_local $var1
      return
      unreachable
    end
    unreachable
  )
  (func $func1 (result i32)
    get_global $global14
    return
  )
  (func $func2 (param $var0 i32)
    get_local $var0
    set_global $global14
  )
  (func $func3 (param $var0 i32) (param $var1 i32)
    block
      get_local $var0
      set_global $global14
      get_local $var1
      set_global $global15
    end
  )
  (func $func4 (param $var0 i32) (param $var1 i32)
    get_global $global18
    i32.const 0
    i32.eq
    if
      get_local $var0
      set_global $global18
      get_local $var1
      set_global $global19
    end
  )
  (func $func5 (param $var0 i32) (result i32)
    (local $var1 i32) (local $var2 i32) (local $var3 i32) (local $var4 i32) (local $var5 i32) (local $var6 i32) (local $var7 i32) (local $var8 i32) (local $var9 i32) (local $var10 i32) (local $var11 i32)
    block
      get_global $global14
      set_local $var11
      get_local $var0
      i32.const 0
      i32.gt_s
      set_local $var6
      get_local $var6
      if
        i32.const 0
        set_local $var1
        i32.const 1
        set_local $var5
        i32.const 0
        set_local $var8
      else
        i32.const 1
        set_local $var4
        get_local $var4
        return
      end
      loop $label1
        block $label0
          get_local $var5
          get_local $var1
          i32.add
          set_local $var3
          get_local $var8
          i32.const 1
          i32.add
          set_local $var9
          get_local $var9
          get_local $var0
          i32.eq
          set_local $var7
          get_local $var7
          if
            get_local $var3
            set_local $var4
            br $label0
          else
            get_local $var5
            set_local $var2
            get_local $var3
            set_local $var5
            get_local $var9
            set_local $var8
            get_local $var2
            set_local $var1
          end
          br $label1
        end $label0
      end $label1
      get_local $var4
      return
      unreachable
    end
    unreachable
  )
  (func $func6
    (local $var0 i32)
    nop
  )
)
