(module
  (type $type0 (func))
  (table $table0 1 anyref)
  (func $func0
    i32.const 0
    i32.const 0
    get_table $table0
    set_table $table0
  )
)
