(module
  (type $type0 (func (param i32 i32 i32) (result i32)))
  (type $type1 (func (param i32 i32 i32) (result i32)))
  (import "q" "pick" (func $import0 (param i32 i32 i32) (result i32)))
  (table $table0 6 anyfunc)
  (export "main" (func $func1))
  (elem (i32.const 3) $import0)
  (elem (i32.const 4) $import0 $func1)
  (func $func1 (param $var0 i32) (param $var1 i32) (param $var2 i32) (result i32)
    get_local $var1
    get_local $var2
    get_local $var0
    i32.const 3
    return_call_indirect (type $type0)
  )
)
