(module
  (type $type0 (func (param i32 i32 i32) (result i32)))
  (type $type1 (func (param i32 i32 i32) (result i32)))
  (type $type2 (func (param i32) (result i32)))
  (table $table0 2 anyfunc)
  (export "main" (func $func1))
  (elem (i32.const 0) $func0 $func1)
  (func $func0 (param $var0 i32) (param $var1 i32) (param $var2 i32) (result i32)
    get_local $var0
    i32.const 1
    i32.le_s
    if (result i32)
      get_local $var1
    else
      get_local $var0
      i32.const 1
      i32.sub
      get_local $var0
      get_local $var1
      i32.mul
      get_local $var2
      get_local $var2
      return_call_indirect (type $type0)
    end
  )
  (func $func1 (param $var0 i32) (result i32)
    get_local $var0
    i32.const 1
    i32.const 0
    return_call $func0
  )
)
